// Jest Snapshot v1, https://goo.gl/fbAQLP

exports[`Common/LanguageSelector Default smoke-test 1`] = `
<div style="margin-left: 200px;">
  <div class="LanguageSelector_container__Yi8Nm">
    <button type="button"
            class="LanguageSelector_languageSwitch__zCGbC"
            aria-expanded="false"
            aria-label="Switch Language"
    >
      <svg stroke="currentColor"
           fill="currentColor"
           stroke-width="0"
           viewbox="0 0 24 24"
           height="1em"
           width="1em"
           xmlns="http://www.w3.org/2000/svg"
      >
        <path fill="none"
              d="M0 0h24v24H0V0z"
        >
        </path>
        <path d="M12.87 15.07l-2.54-2.51.03-.03A17.52 17.52 0 0014.07 6H17V4h-7V2H8v2H1v1.99h11.17C11.5 7.92 10.44 9.75 9 11.35 8.07 10.32 7.3 9.19 6.69 8h-2c.73 1.63 1.73 3.17 2.98 4.56l-5.09 5.02L4 19l5-5 3.11 3.11.76-2.04zM18.5 10h-2L12 22h2l1.12-3h4.75L21 22h2l-4.5-12zm-2.62 7l1.62-4.33L19.12 17h-3.24z">
        </path>
      </svg>
    </button>
    <ul class="Dropdown_dropdownList__hrw_7"
        style="display: none; position: absolute; top: 60%; right: 0px; margin: 0px;"
    >
      <li>
        <button type="button"
                style="font-weight: normal;"
        >
          العربية
        </button>
      </li>
      <li>
        <button type="button"
                style="font-weight: normal;"
        >
          Catalan
        </button>
      </li>
      <li>
        <button type="button"
                style="font-weight: normal;"
        >
          Deutsch
        </button>
      </li>
      <li>
        <button type="button"
                style="font-weight: bold;"
        >
          English
        </button>
      </li>
      <li>
        <button type="button"
                style="font-weight: normal;"
        >
          Español
        </button>
      </li>
      <li>
        <button type="button"
                style="font-weight: normal;"
        >
          زبان فارسی
        </button>
      </li>
      <li>
        <button type="button"
                style="font-weight: normal;"
        >
          Français
        </button>
      </li>
      <li>
        <button type="button"
                style="font-weight: normal;"
        >
          Bahasa Indonesia
        </button>
      </li>
      <li>
        <button type="button"
                style="font-weight: normal;"
        >
          Italiano
        </button>
      </li>
      <li>
        <button type="button"
                style="font-weight: normal;"
        >
          日本語
        </button>
      </li>
      <li>
        <button type="button"
                style="font-weight: normal;"
        >
          ქართული
        </button>
      </li>
      <li>
        <button type="button"
                style="font-weight: normal;"
        >
          한국어
        </button>
      </li>
      <li>
        <button type="button"
                style="font-weight: normal;"
        >
          Português do Brasil
        </button>
      </li>
      <li>
        <button type="button"
                style="font-weight: normal;"
        >
          limba română
        </button>
      </li>
      <li>
        <button type="button"
                style="font-weight: normal;"
        >
          Русский
        </button>
      </li>
      <li>
        <button type="button"
                style="font-weight: normal;"
        >
          Türkçe
        </button>
      </li>
      <li>
        <button type="button"
                style="font-weight: normal;"
        >
          Українська
        </button>
      </li>
      <li>
        <button type="button"
                style="font-weight: normal;"
        >
          简体中文
        </button>
      </li>
      <li>
        <button type="button"
                style="font-weight: normal;"
        >
          繁體中文
        </button>
      </li>
    </ul>
  </div>
</div>
`;
