// Jest Snapshot v1, https://goo.gl/fbAQLP

exports[`ShellBox component renders correctly 1`] = `
<div>
  <pre
    class="shellBox"
  >
    <div
      class="top"
    >
      <span>
        SHELL
      </span>
      <button
        type="button"
      >
        copy
      </button>
    </div>
    <code>
      mock-children-code
    </code>
  </pre>
</div>
`;
