// Jest Snapshot v1, https://goo.gl/fbAQLP

exports[`AuthorsList component renders correctly 1`] = `
<div>
  <div
    class="authorList"
  >
    containers.authorList.title
    <ul>
      <li>
        <a
          aria-label="components.author.githubLinkLabel"
          class="link"
          href="https://github.com/test-author"
          rel="noopener noreferrer"
          target="_blank"
        >
          <span />
        </a>
      </li>
      <li>
        <a
          aria-label="components.author.githubLinkLabel"
          class="link"
          href="https://github.com/another-test-author"
          rel="noopener noreferrer"
          target="_blank"
        >
          <span />
        </a>
      </li>
    </ul>
  </div>
</div>
`;
