// Jest Snapshot v1, https://goo.gl/fbAQLP

exports[`Blog/BlogCard Default smoke-test 1`] = `
<div>
  <div>
    <a>
      Sample Test Blog
    </a>
    <div>
      <a>
        category-mock
      </a>
      <span>
        1 min read
      </span>
    </div>
  </div>
  <div>
    <h4>
      21 April 2023
    </h4>
    <p>
      by
      <span>
        Bat Man
      </span>
    </p>
  </div>
</div>
`;
