// Jest Snapshot v1, https://goo.gl/fbAQLP

exports[`Navigation/NavigationContainer Default smoke-test 1`] = `
<nav aria-label="Navigation"
     class="NavigationContainer_navigation__KY7SY"
     id="main-navigation"
>
  <button type="button"
          class="NavigationContainer_navigationOpen__WdiUj"
          aria-expanded="false"
  >
    Menu
  </button>
  <ul>
    <li>
      Navigation item 1
    </li>
    <li>
      Navigation item 2
    </li>
    <li>
      Navigation item 3
    </li>
  </ul>
</nav>
`;
