// Jest Snapshot v1, https://goo.gl/fbAQLP

exports[`Common/RandomContributor Default smoke-test 1`] = `
<div>
  <div>
    <a href="https://github.com/nodejs"
       target="_blank"
       rel="nofollow noopener noreferrer"
    >
      <img alt="Avatar of a Node.js contributor"
           loading="lazy"
           width="75"
           height="75"
           decoding="async"
           data-nimg="1"
           srcset="https://avatars.githubusercontent.com/u/9950313?s=75&amp;v=4?w=96&amp;q=75 1x, https://avatars.githubusercontent.com/u/9950313?s=75&amp;v=4?w=256&amp;q=75 2x"
           src="https://avatars.githubusercontent.com/u/9950313?s=75&amp;v=4?w=256&amp;q=75"
           style="color: transparent;"
      >
    </a>
  </div>
  <a href="https://github.com/nodejs"
     target="_blank"
     rel="nofollow noopener noreferrer"
  >
    Thank you nodejs for being a Node.js contributor with 20 contributions
  </a>
</div>
`;

exports[`Common/RandomContributor Loading smoke-test 1`] = `
<div>
</div>
`;
