// Jest Snapshot v1, https://goo.gl/fbAQLP

exports[`Article/TableOfContents Blank smoke-test 1`] = `""`;

exports[`Article/TableOfContents Default smoke-test 1`] = `
<details class="TableOfContents_tableOfContents__mQhnM">
  <summary>
    <strong>
      Table of Contents
    </strong>
  </summary>
  <ul>
    <li>
      <a href="/#test">
        test
      </a>
      <ul>
        <li>
          <a href="/#test">
            test
          </a>
        </li>
      </ul>
    </li>
  </ul>
</details>
`;
