// Jest Snapshot v1, https://goo.gl/fbAQLP

exports[`DownloadHeader component renders correctly 1`] = `
<div>
  <div
    class="downloadHeader"
  >
    <div
      class="sectionTitle"
    >
      home / 
      <span
        class="active"
      >
        components.downloads.downloadHeader.activeSection
      </span>
    </div>
    <div>
      components.downloads.downloadHeader.nodeVersion
    </div>
  </div>
  <div
    class="downloadHeader"
  >
    <div
      class="title"
    >
      components.downloads.downloadHeader.title
    </div>
    <div
      class="npm"
    >
      components.downloads.downloadHeader.npmVersion
    </div>
  </div>
</div>
`;
