// Jest Snapshot v1, https://goo.gl/fbAQLP

exports[`Common/AnimatedPlaceholder Default smoke-test 1`] = `
<div>
  <div>
  </div>
  <div>
    <div>
    </div>
    <div>
    </div>
  </div>
</div>
`;

exports[`Common/AnimatedPlaceholder WithLoaderSkeleton smoke-test 1`] = `
<div>
  <div>
  </div>
</div>
`;
