// Jest Snapshot v1, https://goo.gl/fbAQLP

exports[`Navigation Default smoke-test 1`] = `
<nav aria-label="Navigation"
     class="Navigation_navigation__Y73wX"
     id="main-navigation"
>
  <button type="button"
          aria-expanded="false"
  >
    Menu
  </button>
  Navigation content
</nav>
`;
